Ejecutando 27 casos contra http://localhost:8080/api/v1

A01  T2T válida -> LIQUIDADO                                    OK (710 ms)
A02  VNT válida -> LIQUIDADO                                    OK (50 ms)
A03  T2T sin emisor.cuenta -> PRX-011                           OK (28 ms)
A04  VNT con emisor.cuenta -> PRX-012                           OK (15 ms)
A05  VNT sin sucursal -> PRX-011                                OK (5 ms)
A06  Cuenta de 17 dígitos -> PRX-001                            OK (5 ms)
A07  Dígito verificador incorrecto -> PRX-002                   OK (5 ms)
A08  Institución 899 -> PRX-003                                 OK (5 ms)
A09  Prefijo distinto de institución -> PRX-030                 OK (4 ms)
A10  Importe cero -> PRX-004                                    OK (24 ms)
A11  Importe negativo -> PRX-004                                OK (6 ms)
A12  Tres decimales -> PRX-005                                  OK (24 ms)
A13  Importe sobre límite -> PRX-005                            OK (16 ms)
A14  Divisa USD -> PRX-006                                      OK (18 ms)
A15  Errores acumulados -> PRX-007 + PRX-008                    OK (17 ms)
A16  Referencia repetida -> PRX-010                             OK (71 ms)
A17  Emisor igual a receptor -> PRX-013                         OK (9 ms)
A18  Escenario fondos insuficientes -> PRX-020                  OK (71 ms)
A19  Escenario cuenta inexistente -> PRX-021                    OK (84 ms)
A20  Institución 805 -> PRX-022                                 OK (68 ms)
A21  LIQUIDADO -> DEVUELTO -> PRX-014 (JUnit)                   OK (0 ms)
A22  ID inexistente -> HTTP 404                                 OK (30 ms)
A23  Listado paginado con al menos 120 registros                OK (89 ms)
A24  Misma clave y cuerpo -> 201 y 200                          OK (82 ms)
A25  Misma clave y cuerpo distinto -> PRX-015                   OK (76 ms)
A26  Sin respuesta -> EN_PROCESO / PRX-023                      OK (2318 ms)
A27  Salud y catálogo                                           OK (16 ms)

27/27 casos superados (100%)
